// Jest Snapshot v1, https://goo.gl/fbAQLP

exports[`adds correct entries for file-based caching 1`] = `
"# ~~ Generated by projen. To modify, edit .projenrc.js and run "npx projen".

default:
  cache:
    key:
      files:
        - Gemfile.lock
        - package.json
      prefix: \${CI_COMMIT_REF_SLUG}
"
`;

exports[`adds correct entries for path-based caching 1`] = `
"# ~~ Generated by projen. To modify, edit .projenrc.js and run "npx projen".

default:
  cache:
    paths:
      - node_modules
    key: \${CI_COMMIT_REF_SLUG}
"
`;
